00:00 +0: loading E:/smartwatt_app/test/integration_test.dart
Error: Couldn't resolve the package 'smartwatt_app' in 'package:smartwatt_app/utils/validators.dart'.
test/unit/validators_test.dart:2:8: Error: Not found: 'package:smartwatt_app/utils/validators.dart'
import 'package:smartwatt_app/utils/validators.dart';
       ^
test/unit/validators_test.dart:7:14: Error: Undefined name 'Validators'.
      expect(Validators.validateEmail('test@example.com'), null);
             ^^^^^^^^^^
test/unit/validators_test.dart:8:14: Error: Undefined name 'Validators'.
      expect(Validators.validateEmail('user.name@domain.co.id'), null);
             ^^^^^^^^^^
test/unit/validators_test.dart:9:14: Error: Undefined name 'Validators'.
      expect(Validators.validateEmail('test123@gmail.com'), null);
             ^^^^^^^^^^
test/unit/validators_test.dart:13:14: Error: Undefined name 'Validators'.
      expect(Validators.validateEmail(''), isNotNull);
             ^^^^^^^^^^
test/unit/validators_test.dart:14:14: Error: Undefined name 'Validators'.
      expect(Validators.validateEmail(null), isNotNull);
             ^^^^^^^^^^
test/unit/validators_test.dart:18:14: Error: Undefined name 'Validators'.
      expect(Validators.validateEmail('invalid'), isNotNull);
             ^^^^^^^^^^
test/unit/validators_test.dart:19:14: Error: Undefined name 'Validators'.
      expect(Validators.validateEmail('test@'), isNotNull);
             ^^^^^^^^^^
test/unit/validators_test.dart:20:14: Error: Undefined name 'Validators'.
      expect(Validators.validateEmail('@example.com'), isNotNull);
             ^^^^^^^^^^
test/unit/validators_test.dart:21:14: Error: Undefined name 'Validators'.
      expect(Validators.validateEmail('test @example.com'), isNotNull);
             ^^^^^^^^^^
test/unit/validators_test.dart:27:14: Error: Undefined name 'Validators'.
      expect(Validators.validatePassword('123456'), null);
             ^^^^^^^^^^
test/unit/validators_test.dart:28:14: Error: Undefined name 'Validators'.
      expect(Validators.validatePassword('password123'), null);
             ^^^^^^^^^^
test/unit/validators_test.dart:29:14: Error: Undefined name 'Validators'.
      expect(Validators.validatePassword('P@ssw0rd!'), null);
             ^^^^^^^^^^
test/unit/validators_test.dart:33:14: Error: Undefined name 'Validators'.
      expect(Validators.validatePassword(''), isNotNull);
             ^^^^^^^^^^
test/unit/validators_test.dart:34:14: Error: Undefined name 'Validators'.
      expect(Validators.validatePassword(null), isNotNull);
             ^^^^^^^^^^
test/unit/validators_test.dart:38:14: Error: Undefined name 'Validators'.
      expect(Validators.validatePassword('12345'), isNotNull);
             ^^^^^^^^^^
test/unit/validators_test.dart:39:14: Error: Undefined name 'Validators'.
      expect(Validators.validatePassword('abc'), isNotNull);
             ^^^^^^^^^^
test/unit/validators_test.dart:45:14: Error: Undefined name 'Validators'.
      expect(Validators.validateBudget('10000'), null);
             ^^^^^^^^^^
test/unit/validators_test.dart:46:14: Error: Undefined name 'Validators'.
      expect(Validators.validateBudget('500000'), null);
             ^^^^^^^^^^
test/unit/validators_test.dart:47:14: Error: Undefined name 'Validators'.
      expect(Validators.validateBudget('10000000'), null);
             ^^^^^^^^^^
test/unit/validators_test.dart:51:14: Error: Undefined name 'Validators'.
      expect(Validators.validateBudget(''), isNotNull);
             ^^^^^^^^^^
test/unit/validators_test.dart:52:14: Error: Undefined name 'Validators'.
      expect(Validators.validateBudget(null), isNotNull);
             ^^^^^^^^^^
test/unit/validators_test.dart:56:14: Error: Undefined name 'Validators'.
      expect(Validators.validateBudget('9999'), isNotNull);
             ^^^^^^^^^^
test/unit/validators_test.dart:57:14: Error: Undefined name 'Validators'.
      expect(Validators.validateBudget('5000'), isNotNull);
             ^^^^^^^^^^
test/unit/validators_test.dart:61:14: Error: Undefined name 'Validators'.
      expect(Validators.validateBudget('10000001'), isNotNull);
             ^^^^^^^^^^
test/unit/validators_test.dart:62:14: Error: Undefined name 'Validators'.
      expect(Validators.validateBudget('99999999'), isNotNull);
             ^^^^^^^^^^
test/unit/validators_test.dart:66:14: Error: Undefined name 'Validators'.
      expect(Validators.validateBudget('abc'), isNotNull);
             ^^^^^^^^^^
test/unit/validators_test.dart:67:14: Error: Undefined name 'Validators'.
      expect(Validators.validateBudget('10.5'), isNotNull);
             ^^^^^^^^^^
test/unit/validators_test.dart:73:14: Error: Undefined name 'Validators'.
      expect(Validators.validateDeviceWatt('100'), null);
             ^^^^^^^^^^
test/unit/validators_test.dart:74:14: Error: Undefined name 'Validators'.
      expect(Validators.validateDeviceWatt('1500'), null);
             ^^^^^^^^^^
test/unit/validators_test.dart:75:14: Error: Undefined name 'Validators'.
      expect(Validators.validateDeviceWatt('10000'), null);
             ^^^^^^^^^^
test/unit/validators_test.dart:79:14: Error: Undefined name 'Validators'.
      expect(Validators.validateDeviceWatt(''), isNotNull);
             ^^^^^^^^^^
test/unit/validators_test.dart:80:14: Error: Undefined name 'Validators'.
      expect(Validators.validateDeviceWatt(null), isNotNull);
             ^^^^^^^^^^
test/unit/validators_test.dart:84:14: Error: Undefined name 'Validators'.
      expect(Validators.validateDeviceWatt('0'), isNotNull);
             ^^^^^^^^^^
test/unit/validators_test.dart:85:14: Error: Undefined name 'Validators'.
      expect(Validators.validateDeviceWatt('-10'), isNotNull);
             ^^^^^^^^^^
test/unit/validators_test.dart:89:14: Error: Undefined name 'Validators'.
      expect(Validators.validateDeviceWatt('10001'), isNotNull);
             ^^^^^^^^^^
test/unit/validators_test.dart:90:14: Error: Undefined name 'Validators'.
      expect(Validators.validateDeviceWatt('50000'), isNotNull);
             ^^^^^^^^^^
test/unit/validators_test.dart:94:14: Error: Undefined name 'Validators'.
      expect(Validators.validateDeviceWatt('abc'), isNotNull);
             ^^^^^^^^^^
test/unit/validators_test.dart:95:14: Error: Undefined name 'Validators'.
      expect(Validators.validateDeviceWatt('100.5'), isNotNull);
             ^^^^^^^^^^
test/unit/validators_test.dart:101:14: Error: Undefined name 'Validators'.
      expect(Validators.validateHoursPerDay('0.5'), null);
             ^^^^^^^^^^
test/unit/validators_test.dart:102:14: Error: Undefined name 'Validators'.
      expect(Validators.validateHoursPerDay('8'), null);
             ^^^^^^^^^^
test/unit/validators_test.dart:103:14: Error: Undefined name 'Validators'.
      expect(Validators.validateHoursPerDay('24'), null);
             ^^^^^^^^^^
test/unit/validators_test.dart:104:14: Error: Undefined name 'Validators'.
      expect(Validators.validateHoursPerDay('12.5'), null);
             ^^^^^^^^^^
test/unit/validators_test.dart:108:14: Error: Undefined name 'Validators'.
      expect(Validators.validateHoursPerDay(''), isNotNull);
             ^^^^^^^^^^
test/unit/validators_test.dart:109:14: Error: Undefined name 'Validators'.
      expect(Validators.validateHoursPerDay(null), isNotNull);
             ^^^^^^^^^^
test/unit/validators_test.dart:113:14: Error: Undefined name 'Validators'.
      expect(Validators.validateHoursPerDay('0'), isNotNull);
             ^^^^^^^^^^
test/unit/validators_test.dart:114:14: Error: Undefined name 'Validators'.
      expect(Validators.validateHoursPerDay('0.05'), isNotNull);
             ^^^^^^^^^^
test/unit/validators_test.dart:118:14: Error: Undefined name 'Validators'.
      expect(Validators.validateHoursPerDay('24.1'), isNotNull);
             ^^^^^^^^^^
test/unit/validators_test.dart:119:14: Error: Undefined name 'Validators'.
      expect(Validators.validateHoursPerDay('50'), isNotNull);
             ^^^^^^^^^^
test/unit/validators_test.dart:123:14: Error: Undefined name 'Validators'.
      expect(Validators.validateHoursPerDay('abc'), isNotNull);
             ^^^^^^^^^^
test/unit/validators_test.dart:124:14: Error: Undefined name 'Validators'.
      expect(Validators.validateHoursPerDay('12,5'), isNotNull);
             ^^^^^^^^^^
test/unit/validators_test.dart:130:14: Error: Undefined name 'Validators'.
      expect(Validators.validateName('John Doe'), null);
             ^^^^^^^^^^
test/unit/validators_test.dart:131:14: Error: Undefined name 'Validators'.
      expect(Validators.validateName('Aisyah Manda'), null);
             ^^^^^^^^^^
test/unit/validators_test.dart:132:14: Error: Undefined name 'Validators'.
      expect(Validators.validateName('Muhammad Ali'), null);
             ^^^^^^^^^^
test/unit/validators_test.dart:136:14: Error: Undefined name 'Validators'.
      expect(Validators.validateName(''), isNotNull);
             ^^^^^^^^^^
test/unit/validators_test.dart:137:14: Error: Undefined name 'Validators'.
      expect(Validators.validateName(null), isNotNull);
             ^^^^^^^^^^
test/unit/validators_test.dart:141:14: Error: Undefined name 'Validators'.
      expect(Validators.validateName('A'), isNotNull);
             ^^^^^^^^^^
test/unit/validators_test.dart:145:14: Error: Undefined name 'Validators'.
      expect(Validators.validateName('A' * 51), isNotNull);
             ^^^^^^^^^^
test/unit/validators_test.dart:149:14: Error: Undefined name 'Validators'.
      expect(Validators.validateName('John123'), isNotNull);
             ^^^^^^^^^^
test/unit/validators_test.dart:150:14: Error: Undefined name 'Validators'.
      expect(Validators.validateName('User 123'), isNotNull);
             ^^^^^^^^^^
test/unit/validators_test.dart:154:14: Error: Undefined name 'Validators'.
      expect(Validators.validateName('John@Doe'), isNotNull);
             ^^^^^^^^^^
test/unit/validators_test.dart:155:14: Error: Undefined name 'Validators'.
      expect(Validators.validateName('User_Name'), isNotNull);
             ^^^^^^^^^^
test/unit/validators_test.dart:156:14: Error: Undefined name 'Validators'.
      expect(Validators.validateName('User-Name'), isNotNull);
             ^^^^^^^^^^
00:00 +0 -1: loading E:/smartwatt_app/test/unit/validators_test.dart [E]
  Failed to load "E:/smartwatt_app/test/unit/validators_test.dart":
  Compilation failed for testPath=E:/smartwatt_app/test/unit/validators_test.dart: Error: Couldn't resolve the package 'smartwatt_app' in 'package:smartwatt_app/utils/validators.dart'.
  test/unit/validators_test.dart:2:8: Error: Not found: 'package:smartwatt_app/utils/validators.dart'
  import 'package:smartwatt_app/utils/validators.dart';
         ^
  test/unit/validators_test.dart:7:14: Error: Undefined name 'Validators'.
        expect(Validators.validateEmail('test@example.com'), null);
               ^^^^^^^^^^
  test/unit/validators_test.dart:8:14: Error: Undefined name 'Validators'.
        expect(Validators.validateEmail('user.name@domain.co.id'), null);
               ^^^^^^^^^^
  test/unit/validators_test.dart:9:14: Error: Undefined name 'Validators'.
        expect(Validators.validateEmail('test123@gmail.com'), null);
               ^^^^^^^^^^
  test/unit/validators_test.dart:13:14: Error: Undefined name 'Validators'.
        expect(Validators.validateEmail(''), isNotNull);
               ^^^^^^^^^^
  test/unit/validators_test.dart:14:14: Error: Undefined name 'Validators'.
        expect(Validators.validateEmail(null), isNotNull);
               ^^^^^^^^^^
  test/unit/validators_test.dart:18:14: Error: Undefined name 'Validators'.
        expect(Validators.validateEmail('invalid'), isNotNull);
               ^^^^^^^^^^
  test/unit/validators_test.dart:19:14: Error: Undefined name 'Validators'.
        expect(Validators.validateEmail('test@'), isNotNull);
               ^^^^^^^^^^
  test/unit/validators_test.dart:20:14: Error: Undefined name 'Validators'.
        expect(Validators.validateEmail('@example.com'), isNotNull);
               ^^^^^^^^^^
  test/unit/validators_test.dart:21:14: Error: Undefined name 'Validators'.
        expect(Validators.validateEmail('test @example.com'), isNotNull);
               ^^^^^^^^^^
  test/unit/validators_test.dart:27:14: Error: Undefined name 'Validators'.
        expect(Validators.validatePassword('123456'), null);
               ^^^^^^^^^^
  test/unit/validators_test.dart:28:14: Error: Undefined name 'Validators'.
        expect(Validators.validatePassword('password123'), null);
               ^^^^^^^^^^
  test/unit/validators_test.dart:29:14: Error: Undefined name 'Validators'.
        expect(Validators.validatePassword('P@ssw0rd!'), null);
               ^^^^^^^^^^
  test/unit/validators_test.dart:33:14: Error: Undefined name 'Validators'.
        expect(Validators.validatePassword(''), isNotNull);
               ^^^^^^^^^^
  test/unit/validators_test.dart:34:14: Error: Undefined name 'Validators'.
        expect(Validators.validatePassword(null), isNotNull);
               ^^^^^^^^^^
  test/unit/validators_test.dart:38:14: Error: Undefined name 'Validators'.
        expect(Validators.validatePassword('12345'), isNotNull);
               ^^^^^^^^^^
  test/unit/validators_test.dart:39:14: Error: Undefined name 'Validators'.
        expect(Validators.validatePassword('abc'), isNotNull);
               ^^^^^^^^^^
  test/unit/validators_test.dart:45:14: Error: Undefined name 'Validators'.
        expect(Validators.validateBudget('10000'), null);
               ^^^^^^^^^^
  test/unit/validators_test.dart:46:14: Error: Undefined name 'Validators'.
        expect(Validators.validateBudget('500000'), null);
               ^^^^^^^^^^
  test/unit/validators_test.dart:47:14: Error: Undefined name 'Validators'.
        expect(Validators.validateBudget('10000000'), null);
               ^^^^^^^^^^
  test/unit/validators_test.dart:51:14: Error: Undefined name 'Validators'.
        expect(Validators.validateBudget(''), isNotNull);
               ^^^^^^^^^^
  test/unit/validators_test.dart:52:14: Error: Undefined name 'Validators'.
        expect(Validators.validateBudget(null), isNotNull);
               ^^^^^^^^^^
  test/unit/validators_test.dart:56:14: Error: Undefined name 'Validators'.
        expect(Validators.validateBudget('9999'), isNotNull);
               ^^^^^^^^^^
  test/unit/validators_test.dart:57:14: Error: Undefined name 'Validators'.
        expect(Validators.validateBudget('5000'), isNotNull);
               ^^^^^^^^^^
  test/unit/validators_test.dart:61:14: Error: Undefined name 'Validators'.
        expect(Validators.validateBudget('10000001'), isNotNull);
               ^^^^^^^^^^
  test/unit/validators_test.dart:62:14: Error: Undefined name 'Validators'.
        expect(Validators.validateBudget('99999999'), isNotNull);
               ^^^^^^^^^^
  test/unit/validators_test.dart:66:14: Error: Undefined name 'Validators'.
        expect(Validators.validateBudget('abc'), isNotNull);
               ^^^^^^^^^^
  test/unit/validators_test.dart:67:14: Error: Undefined name 'Validators'.
        expect(Validators.validateBudget('10.5'), isNotNull);
               ^^^^^^^^^^
  test/unit/validators_test.dart:73:14: Error: Undefined name 'Validators'.
        expect(Validators.validateDeviceWatt('100'), null);
               ^^^^^^^^^^
  test/unit/validators_test.dart:74:14: Error: Undefined name 'Validators'.
        expect(Validators.validateDeviceWatt('1500'), null);
               ^^^^^^^^^^
  test/unit/validators_test.dart:75:14: Error: Undefined name 'Validators'.
        expect(Validators.validateDeviceWatt('10000'), null);
               ^^^^^^^^^^
  test/unit/validators_test.dart:79:14: Error: Undefined name 'Validators'.
        expect(Validators.validateDeviceWatt(''), isNotNull);
               ^^^^^^^^^^
  test/unit/validators_test.dart:80:14: Error: Undefined name 'Validators'.
        expect(Validators.validateDeviceWatt(null), isNotNull);
               ^^^^^^^^^^
  test/unit/validators_test.dart:84:14: Error: Undefined name 'Validators'.
        expect(Validators.validateDeviceWatt('0'), isNotNull);
               ^^^^^^^^^^
  test/unit/validators_test.dart:85:14: Error: Undefined name 'Validators'.
        expect(Validators.validateDeviceWatt('-10'), isNotNull);
               ^^^^^^^^^^
  test/unit/validators_test.dart:89:14: Error: Undefined name 'Validators'.
        expect(Validators.validateDeviceWatt('10001'), isNotNull);
               ^^^^^^^^^^
  test/unit/validators_test.dart:90:14: Error: Undefined name 'Validators'.
        expect(Validators.validateDeviceWatt('50000'), isNotNull);
               ^^^^^^^^^^
  test/unit/validators_test.dart:94:14: Error: Undefined name 'Validators'.
        expect(Validators.validateDeviceWatt('abc'), isNotNull);
               ^^^^^^^^^^
  test/unit/validators_test.dart:95:14: Error: Undefined name 'Validators'.
        expect(Validators.validateDeviceWatt('100.5'), isNotNull);
               ^^^^^^^^^^
  test/unit/validators_test.dart:101:14: Error: Undefined name 'Validators'.
        expect(Validators.validateHoursPerDay('0.5'), null);
               ^^^^^^^^^^
  test/unit/validators_test.dart:102:14: Error: Undefined name 'Validators'.
        expect(Validators.validateHoursPerDay('8'), null);
               ^^^^^^^^^^
  test/unit/validators_test.dart:103:14: Error: Undefined name 'Validators'.
        expect(Validators.validateHoursPerDay('24'), null);
               ^^^^^^^^^^
  test/unit/validators_test.dart:104:14: Error: Undefined name 'Validators'.
        expect(Validators.validateHoursPerDay('12.5'), null);
               ^^^^^^^^^^
  test/unit/validators_test.dart:108:14: Error: Undefined name 'Validators'.
        expect(Validators.validateHoursPerDay(''), isNotNull);
               ^^^^^^^^^^
  test/unit/validators_test.dart:109:14: Error: Undefined name 'Validators'.
        expect(Validators.validateHoursPerDay(null), isNotNull);
               ^^^^^^^^^^
  test/unit/validators_test.dart:113:14: Error: Undefined name 'Validators'.
        expect(Validators.validateHoursPerDay('0'), isNotNull);
               ^^^^^^^^^^
  test/unit/validators_test.dart:114:14: Error: Undefined name 'Validators'.
        expect(Validators.validateHoursPerDay('0.05'), isNotNull);
               ^^^^^^^^^^
  test/unit/validators_test.dart:118:14: Error: Undefined name 'Validators'.
        expect(Validators.validateHoursPerDay('24.1'), isNotNull);
               ^^^^^^^^^^
  test/unit/validators_test.dart:119:14: Error: Undefined name 'Validators'.
        expect(Validators.validateHoursPerDay('50'), isNotNull);
               ^^^^^^^^^^
  test/unit/validators_test.dart:123:14: Error: Undefined name 'Validators'.
        expect(Validators.validateHoursPerDay('abc'), isNotNull);
               ^^^^^^^^^^
  test/unit/validators_test.dart:124:14: Error: Undefined name 'Validators'.
        expect(Validators.validateHoursPerDay('12,5'), isNotNull);
               ^^^^^^^^^^
  test/unit/validators_test.dart:130:14: Error: Undefined name 'Validators'.
        expect(Validators.validateName('John Doe'), null);
               ^^^^^^^^^^
  test/unit/validators_test.dart:131:14: Error: Undefined name 'Validators'.
        expect(Validators.validateName('Aisyah Manda'), null);
               ^^^^^^^^^^
  test/unit/validators_test.dart:132:14: Error: Undefined name 'Validators'.
        expect(Validators.validateName('Muhammad Ali'), null);
               ^^^^^^^^^^
  test/unit/validators_test.dart:136:14: Error: Undefined name 'Validators'.
        expect(Validators.validateName(''), isNotNull);
               ^^^^^^^^^^
  test/unit/validators_test.dart:137:14: Error: Undefined name 'Validators'.
        expect(Validators.validateName(null), isNotNull);
               ^^^^^^^^^^
  test/unit/validators_test.dart:141:14: Error: Undefined name 'Validators'.
        expect(Validators.validateName('A'), isNotNull);
               ^^^^^^^^^^
  test/unit/validators_test.dart:145:14: Error: Undefined name 'Validators'.
        expect(Validators.validateName('A' * 51), isNotNull);
               ^^^^^^^^^^
  test/unit/validators_test.dart:149:14: Error: Undefined name 'Validators'.
        expect(Validators.validateName('John123'), isNotNull);
               ^^^^^^^^^^
  test/unit/validators_test.dart:150:14: Error: Undefined name 'Validators'.
        expect(Validators.validateName('User 123'), isNotNull);
               ^^^^^^^^^^
  test/unit/validators_test.dart:154:14: Error: Undefined name 'Validators'.
        expect(Validators.validateName('John@Doe'), isNotNull);
               ^^^^^^^^^^
  test/unit/validators_test.dart:155:14: Error: Undefined name 'Validators'.
        expect(Validators.validateName('User_Name'), isNotNull);
               ^^^^^^^^^^
  test/unit/validators_test.dart:156:14: Error: Undefined name 'Validators'.
        expect(Validators.validateName('User-Name'), isNotNull);
               ^^^^^^^^^^
  .
00:00 +0 -2: loading E:/smartwatt_app/test/integration_test.dart [E]
  Error: The Dart compiler exited unexpectedly.
  package:flutter_tools/src/base/common.dart 34:3  throwToolExit
  package:flutter_tools/src/compile.dart 910:11    DefaultResidentCompiler._compile.<fn>
  dart:async/zone.dart 1538:47                     _rootRunUnary
  dart:async/zone.dart 1429:19                     _CustomZone.runUnary
  dart:async/future_impl.dart 948:45               Future._propagateToListeners.handleValueCallback
  dart:async/future_impl.dart 977:13               Future._propagateToListeners
  dart:async/future_impl.dart 862:9                Future._propagateToListeners
  dart:async/future_impl.dart 720:5                Future._completeWithValue
  dart:async/future_impl.dart 804:7                Future._asyncCompleteWithValue.<fn>
  dart:async/zone.dart 1525:13                     _rootRun
  dart:async/zone.dart 1422:19                     _CustomZone.run
  dart:async/zone.dart 1321:7                      _CustomZone.runGuarded
  dart:async/zone.dart 1362:23                     _CustomZone.bindCallbackGuarded.<fn>
  dart:async/schedule_microtask.dart 40:35         _microtaskLoop
  dart:async/schedule_microtask.dart 49:5          _startMicrotaskLoop
  dart:isolate-patch/isolate_patch.dart 127:13     _runPendingImmediateCallback
  dart:isolate-patch/isolate_patch.dart 194:5      _RawReceivePort._handleMessage
  
00:00 +0 -2: E:/smartwatt_app/test/integration_test.dart: SmartWatt Tests Test suite ready
Error: Couldn't resolve the package 'smartwatt_app' in 'package:smartwatt_app/database/app_database.dart'.
Error: Couldn't resolve the package 'smartwatt_app' in 'package:smartwatt_app/pages/home_page.dart'.
Error: Couldn't resolve the package 'smartwatt_app' in 'package:smartwatt_app/providers/auth_provider.dart'.
test/widget/home_page_test.dart:4:8: Error: Not found: 'package:smartwatt_app/database/app_database.dart'
import 'package:smartwatt_app/database/app_database.dart';
       ^
test/widget/home_page_test.dart:5:8: Error: Not found: 'package:smartwatt_app/pages/home_page.dart'
import 'package:smartwatt_app/pages/home_page.dart';
       ^
test/widget/home_page_test.dart:6:8: Error: Not found: 'package:smartwatt_app/providers/auth_provider.dart'
import 'package:smartwatt_app/providers/auth_provider.dart';
       ^
test/widget/home_page_test.dart:10:8: Error: 'AppDatabase' isn't a type.
  late AppDatabase database;
       ^^^^^^^^^^^
test/widget/home_page_test.dart:11:8: Error: 'AuthProvider' isn't a type.
  late AuthProvider authProvider;
       ^^^^^^^^^^^^
test/widget/home_page_test.dart:15:16: Error: Method not found: 'AppDatabase'.
    database = AppDatabase(executor: NativeDatabase.memory());
               ^^^^^^^^^^^
test/widget/home_page_test.dart:16:20: Error: Method not found: 'AuthProvider'.
    authProvider = AuthProvider();
                   ^^^^^^^^^^^^
test/widget/home_page_test.dart:27:18: Error: 'AppDatabase' isn't a type.
        Provider<AppDatabase>.value(value: database),
                 ^^^^^^^^^^^
test/widget/home_page_test.dart:28:32: Error: 'AuthProvider' isn't a type.
        ChangeNotifierProvider<AuthProvider>.value(value: authProvider),
                               ^^^^^^^^^^^^
test/widget/home_page_test.dart:31:15: Error: Method not found: 'HomePage'.
        home: HomePage(),
              ^^^^^^^^
00:20 +1 -3: loading E:/smartwatt_app/test/widget/home_page_test.dart [E]
  Failed to load "E:/smartwatt_app/test/widget/home_page_test.dart":
  Compilation failed for testPath=E:/smartwatt_app/test/widget/home_page_test.dart: Error: Couldn't resolve the package 'smartwatt_app' in 'package:smartwatt_app/database/app_database.dart'.
  Error: Couldn't resolve the package 'smartwatt_app' in 'package:smartwatt_app/pages/home_page.dart'.
  Error: Couldn't resolve the package 'smartwatt_app' in 'package:smartwatt_app/providers/auth_provider.dart'.
  test/widget/home_page_test.dart:4:8: Error: Not found: 'package:smartwatt_app/database/app_database.dart'
  import 'package:smartwatt_app/database/app_database.dart';
         ^
  test/widget/home_page_test.dart:5:8: Error: Not found: 'package:smartwatt_app/pages/home_page.dart'
  import 'package:smartwatt_app/pages/home_page.dart';
         ^
  test/widget/home_page_test.dart:6:8: Error: Not found: 'package:smartwatt_app/providers/auth_provider.dart'
  import 'package:smartwatt_app/providers/auth_provider.dart';
         ^
  test/widget/home_page_test.dart:10:8: Error: 'AppDatabase' isn't a type.
    late AppDatabase database;
         ^^^^^^^^^^^
  test/widget/home_page_test.dart:11:8: Error: 'AuthProvider' isn't a type.
    late AuthProvider authProvider;
         ^^^^^^^^^^^^
  test/widget/home_page_test.dart:15:16: Error: Method not found: 'AppDatabase'.
      database = AppDatabase(executor: NativeDatabase.memory());
                 ^^^^^^^^^^^
  test/widget/home_page_test.dart:16:20: Error: Method not found: 'AuthProvider'.
      authProvider = AuthProvider();
                     ^^^^^^^^^^^^
  test/widget/home_page_test.dart:27:18: Error: 'AppDatabase' isn't a type.
          Provider<AppDatabase>.value(value: database),
                   ^^^^^^^^^^^
  test/widget/home_page_test.dart:28:32: Error: 'AuthProvider' isn't a type.
          ChangeNotifierProvider<AuthProvider>.value(value: authProvider),
                                 ^^^^^^^^^^^^
  test/widget/home_page_test.dart:31:15: Error: Method not found: 'HomePage'.
          home: HomePage(),
                ^^^^^^^^
  .
Error: Couldn't resolve the package 'smartwatt_app' in 'package:smartwatt_app/database/app_database.dart'.
Error: Couldn't resolve the package 'smartwatt_app' in 'package:smartwatt_app/pages/login_page.dart'.
Error: Couldn't resolve the package 'smartwatt_app' in 'package:smartwatt_app/providers/auth_provider.dart'.
test/widget/login_page_test.dart:4:8: Error: Not found: 'package:smartwatt_app/database/app_database.dart'
import 'package:smartwatt_app/database/app_database.dart';
       ^
test/widget/login_page_test.dart:5:8: Error: Not found: 'package:smartwatt_app/pages/login_page.dart'
import 'package:smartwatt_app/pages/login_page.dart';
       ^
test/widget/login_page_test.dart:6:8: Error: Not found: 'package:smartwatt_app/providers/auth_provider.dart'
import 'package:smartwatt_app/providers/auth_provider.dart';
       ^
test/widget/login_page_test.dart:9:8: Error: 'AppDatabase' isn't a type.
  late AppDatabase database;
       ^^^^^^^^^^^
test/widget/login_page_test.dart:10:8: Error: 'AuthProvider' isn't a type.
  late AuthProvider authProvider;
       ^^^^^^^^^^^^
test/widget/login_page_test.dart:14:16: Error: Method not found: 'AppDatabase'.
    database = AppDatabase();
               ^^^^^^^^^^^
test/widget/login_page_test.dart:15:20: Error: Method not found: 'AuthProvider'.
    authProvider = AuthProvider();
                   ^^^^^^^^^^^^
test/widget/login_page_test.dart:26:18: Error: 'AppDatabase' isn't a type.
        Provider<AppDatabase>.value(value: database),
                 ^^^^^^^^^^^
test/widget/login_page_test.dart:27:32: Error: 'AuthProvider' isn't a type.
        ChangeNotifierProvider<AuthProvider>.value(value: authProvider),
                               ^^^^^^^^^^^^
test/widget/login_page_test.dart:29:38: Error: Method not found: 'LoginPage'.
      child: const MaterialApp(home: LoginPage()),
                                     ^^^^^^^^^
test/widget/login_page_test.dart:67:28: Error: The getter 'obscureText' isn't defined for the type 'TextFormField'.
 - 'TextFormField' is from 'package:flutter/src/material/text_form_field.dart' ('/E:/flutter/packages/flutter/lib/src/material/text_form_field.dart').
Try correcting the name to the name of an existing getter, or defining a getter or field named 'obscureText'.
      expect(textFormField.obscureText, true);
                           ^^^^^^^^^^^
00:28 +1 -4: loading E:/smartwatt_app/test/widget/login_page_test.dart [E]
  Failed to load "E:/smartwatt_app/test/widget/login_page_test.dart":
  Compilation failed for testPath=E:/smartwatt_app/test/widget/login_page_test.dart: Error: Couldn't resolve the package 'smartwatt_app' in 'package:smartwatt_app/database/app_database.dart'.
  Error: Couldn't resolve the package 'smartwatt_app' in 'package:smartwatt_app/pages/login_page.dart'.
  Error: Couldn't resolve the package 'smartwatt_app' in 'package:smartwatt_app/providers/auth_provider.dart'.
  test/widget/login_page_test.dart:4:8: Error: Not found: 'package:smartwatt_app/database/app_database.dart'
  import 'package:smartwatt_app/database/app_database.dart';
         ^
  test/widget/login_page_test.dart:5:8: Error: Not found: 'package:smartwatt_app/pages/login_page.dart'
  import 'package:smartwatt_app/pages/login_page.dart';
         ^
  test/widget/login_page_test.dart:6:8: Error: Not found: 'package:smartwatt_app/providers/auth_provider.dart'
  import 'package:smartwatt_app/providers/auth_provider.dart';
         ^
  test/widget/login_page_test.dart:9:8: Error: 'AppDatabase' isn't a type.
    late AppDatabase database;
         ^^^^^^^^^^^
  test/widget/login_page_test.dart:10:8: Error: 'AuthProvider' isn't a type.
    late AuthProvider authProvider;
         ^^^^^^^^^^^^
  test/widget/login_page_test.dart:14:16: Error: Method not found: 'AppDatabase'.
      database = AppDatabase();
                 ^^^^^^^^^^^
  test/widget/login_page_test.dart:15:20: Error: Method not found: 'AuthProvider'.
      authProvider = AuthProvider();
                     ^^^^^^^^^^^^
  test/widget/login_page_test.dart:26:18: Error: 'AppDatabase' isn't a type.
          Provider<AppDatabase>.value(value: database),
                   ^^^^^^^^^^^
  test/widget/login_page_test.dart:27:32: Error: 'AuthProvider' isn't a type.
          ChangeNotifierProvider<AuthProvider>.value(value: authProvider),
                                 ^^^^^^^^^^^^
  test/widget/login_page_test.dart:29:38: Error: Method not found: 'LoginPage'.
        child: const MaterialApp(home: LoginPage()),
                                       ^^^^^^^^^
  test/widget/login_page_test.dart:67:28: Error: The getter 'obscureText' isn't defined for the type 'TextFormField'.
   - 'TextFormField' is from 'package:flutter/src/material/text_form_field.dart' ('/E:/flutter/packages/flutter/lib/src/material/text_form_field.dart').
  Try correcting the name to the name of an existing getter, or defining a getter or field named 'obscureText'.
        expect(textFormField.obscureText, true);
                             ^^^^^^^^^^^
  .
/C:/Users/USER/AppData/Local/Temp/flutter_tools.7e960471/flutter_test_listener.1c8beca0/listener.dart:21:21: Error: Undefined name 'main'.
  await Future(test.main);
                    ^^^^
00:34 +1 -5: loading E:/smartwatt_app/test/widget_test.dart [E]
  Failed to load "E:/smartwatt_app/test/widget_test.dart":
  Compilation failed for testPath=E:/smartwatt_app/test/widget_test.dart: /C:/Users/USER/AppData/Local/Temp/flutter_tools.7e960471/flutter_test_listener.1c8beca0/listener.dart:21:21: Error: Undefined name 'main'.
    await Future(test.main);
                      ^^^^
  .
00:34 +1 -5: Some tests failed.
